Flow report for RP2C02G
Thu Oct 17 16:04:38 2024
Quartus Prime Version 22.1std.0 Build 915 10/25/2022 SC Lite Edition


---------------------
; Table of Contents ;
---------------------
  1. Legal Notice
  2. Flow Summary
  3. Flow Settings
  4. Flow Non-Default Global Settings
  5. Flow Elapsed Time
  6. Flow OS Summary
  7. Flow Log
  8. Flow Messages
  9. Flow Suppressed Messages



----------------
; Legal Notice ;
----------------
Copyright (C) 2022  Intel Corporation. All rights reserved.
Your use of Intel Corporation's design tools, logic functions 
and other software and tools, and any partner logic 
functions, and any output files from any of the foregoing 
(including device programming or simulation files), and any 
associated documentation or information are expressly subject 
to the terms and conditions of the Intel Program License 
Subscription Agreement, the Intel Quartus Prime License Agreement,
the Intel FPGA IP License Agreement, or other applicable license
agreement, including, without limitation, that your use is for
the sole purpose of programming logic devices manufactured by
Intel and sold by Intel or its authorized distributors.  Please
refer to the applicable agreement for further details, at
https://fpgasoftware.intel.com/eula.



+----------------------------------------------------------------------------------+
; Flow Summary                                                                     ;
+---------------------------------+------------------------------------------------+
; Flow Status                     ; Successful - Thu Oct 17 16:04:28 2024          ;
; Quartus Prime Version           ; 22.1std.0 Build 915 10/25/2022 SC Lite Edition ;
; Revision Name                   ; RP2C02G                                        ;
; Top-level Entity Name           ; V1                                             ;
; Family                          ; Cyclone V                                      ;
; Device                          ; 5CGXFC7C7F23C8                                 ;
; Timing Models                   ; Final                                          ;
; Logic utilization (in ALMs)     ; 510 / 56,480 ( < 1 % )                         ;
; Total registers                 ; 1032                                           ;
; Total pins                      ; 71 / 268 ( 26 % )                              ;
; Total virtual pins              ; 0                                              ;
; Total block memory bits         ; 20,416 / 7,024,640 ( < 1 % )                   ;
; Total DSP Blocks                ; 0 / 156 ( 0 % )                                ;
; Total HSSI RX PCSs              ; 0 / 6 ( 0 % )                                  ;
; Total HSSI PMA RX Deserializers ; 0 / 6 ( 0 % )                                  ;
; Total HSSI TX PCSs              ; 0 / 6 ( 0 % )                                  ;
; Total HSSI PMA TX Serializers   ; 0 / 6 ( 0 % )                                  ;
; Total PLLs                      ; 1 / 13 ( 8 % )                                 ;
; Total DLLs                      ; 0 / 4 ( 0 % )                                  ;
+---------------------------------+------------------------------------------------+


+-----------------------------------------+
; Flow Settings                           ;
+-------------------+---------------------+
; Option            ; Setting             ;
+-------------------+---------------------+
; Start date & time ; 10/17/2024 16:03:12 ;
; Main task         ; Compilation         ;
; Revision Name     ; RP2C02G             ;
+-------------------+---------------------+


+---------------------------------------------------------------------------------------------------------------------------+
; Flow Non-Default Global Settings                                                                                          ;
+-------------------------------------+----------------------------------------+---------------+-------------+--------------+
; Assignment Name                     ; Value                                  ; Default Value ; Entity Name ; Section Id   ;
+-------------------------------------+----------------------------------------+---------------+-------------+--------------+
; COMPILER_SIGNATURE_ID               ; 10995770589203.172919539228548         ; --            ; --          ; --           ;
; MAX_CORE_JUNCTION_TEMP              ; 85                                     ; --            ; --          ; --           ;
; MIN_CORE_JUNCTION_TEMP              ; 0                                      ; --            ; --          ; --           ;
; MISC_FILE                           ; VRAM.bsf                               ; --            ; --          ; --           ;
; MISC_FILE                           ; PLL.bsf                                ; --            ; --          ; --           ;
; MISC_FILE                           ; PLL.ppf                                ; --            ; --          ; --           ;
; MISC_FILE                           ; PALETTE_RGB_TABLE.bsf                  ; --            ; --          ; --           ;
; MISC_FILE                           ; PALETTE_RAM.bsf                        ; --            ; --          ; --           ;
; MISC_FILE                           ; OAM2_RAM.bsf                           ; --            ; --          ; --           ;
; MISC_FILE                           ; OAM_RAM.bsf                            ; --            ; --          ; --           ;
; MISC_FILE                           ; Pll_5.cmp                              ; --            ; --          ; --           ;
; MISC_FILE                           ; Pll_5_sim/Pll_5.vo                     ; --            ; --          ; --           ;
; OUTPUT_PIN_LOAD                     ; -- (Not supported for targeted family) ; --            ; --          ; 3.3-V PCI-X  ;
; OUTPUT_PIN_LOAD                     ; -- (Not supported for targeted family) ; --            ; --          ; 3.3-V LVTTL  ;
; OUTPUT_PIN_LOAD                     ; -- (Not supported for targeted family) ; --            ; --          ; 3.3-V LVCMOS ;
; OUTPUT_PIN_LOAD                     ; -- (Not supported for targeted family) ; --            ; --          ; 3.3-V PCI    ;
; PARTITION_COLOR                     ; -- (Not supported for targeted family) ; --            ; V1          ; Top          ;
; PARTITION_FITTER_PRESERVATION_LEVEL ; -- (Not supported for targeted family) ; --            ; V1          ; Top          ;
; PARTITION_NETLIST_TYPE              ; -- (Not supported for targeted family) ; --            ; V1          ; Top          ;
; POWER_BOARD_THERMAL_MODEL           ; None (CONSERVATIVE)                    ; --            ; --          ; --           ;
; POWER_PRESET_COOLING_SOLUTION       ; 23 MM HEAT SINK WITH 200 LFPM AIRFLOW  ; --            ; --          ; --           ;
; PROJECT_OUTPUT_DIRECTORY            ; output_files                           ; --            ; --          ; --           ;
; SPD_FILE                            ; Pll_5.spd                              ; --            ; --          ; --           ;
; SYNTHESIS_ONLY_QIP                  ; On                                     ; --            ; --          ; --           ;
; TOP_LEVEL_ENTITY                    ; V1                                     ; RP2C02G       ; --          ; --           ;
+-------------------------------------+----------------------------------------+---------------+-------------+--------------+


+--------------------------------------------------------------------------------------------------------------------------+
; Flow Elapsed Time                                                                                                        ;
+----------------------+--------------+-------------------------+---------------------+------------------------------------+
; Module Name          ; Elapsed Time ; Average Processors Used ; Peak Virtual Memory ; Total CPU Time (on all processors) ;
+----------------------+--------------+-------------------------+---------------------+------------------------------------+
; Analysis & Synthesis ; 00:00:11     ; 1.0                     ; 4859 MB             ; 00:00:10                           ;
; Fitter               ; 00:00:54     ; 1.1                     ; 6750 MB             ; 00:00:50                           ;
; Assembler            ; 00:00:08     ; 1.0                     ; 4884 MB             ; 00:00:06                           ;
; Timing Analyzer      ; 00:00:09     ; 1.4                     ; 5304 MB             ; 00:00:07                           ;
; Total                ; 00:01:22     ; --                      ; --                  ; 00:01:13                           ;
+----------------------+--------------+-------------------------+---------------------+------------------------------------+


+------------------------------------------------------------------------------------+
; Flow OS Summary                                                                    ;
+----------------------+------------------+------------+------------+----------------+
; Module Name          ; Machine Hostname ; OS Name    ; OS Version ; Processor type ;
+----------------------+------------------+------------+------------+----------------+
; Analysis & Synthesis ; LAPTOP-NSU74RVQ  ; Windows 10 ; 10.0       ; x86_64         ;
; Fitter               ; LAPTOP-NSU74RVQ  ; Windows 10 ; 10.0       ; x86_64         ;
; Assembler            ; LAPTOP-NSU74RVQ  ; Windows 10 ; 10.0       ; x86_64         ;
; Timing Analyzer      ; LAPTOP-NSU74RVQ  ; Windows 10 ; 10.0       ; x86_64         ;
+----------------------+------------------+------------+------------+----------------+


------------
; Flow Log ;
------------
quartus_map --read_settings_files=on --write_settings_files=off RP2C02G -c RP2C02G
quartus_fit --read_settings_files=off --write_settings_files=off RP2C02G -c RP2C02G
quartus_asm --read_settings_files=off --write_settings_files=off RP2C02G -c RP2C02G
quartus_sta RP2C02G -c RP2C02G



