Analysis & Synthesis report for nes_naked
Wed Apr 10 13:17:21 2024
Quartus Prime Version 20.1.1 Build 720 11/11/2020 SJ Lite Edition


---------------------
; Table of Contents ;
---------------------
  1. Legal Notice
  2. Analysis & Synthesis Summary
  3. Analysis & Synthesis Settings
  4. Parallel Compilation
  5. Analysis & Synthesis Messages
  6. Analysis & Synthesis Suppressed Messages



----------------
; Legal Notice ;
----------------
Copyright (C) 2020  Intel Corporation. All rights reserved.
Your use of Intel Corporation's design tools, logic functions 
and other software and tools, and any partner logic 
functions, and any output files from any of the foregoing 
(including device programming or simulation files), and any 
associated documentation or information are expressly subject 
to the terms and conditions of the Intel Program License 
Subscription Agreement, the Intel Quartus Prime License Agreement,
the Intel FPGA IP License Agreement, or other applicable license
agreement, including, without limitation, that your use is for
the sole purpose of programming logic devices manufactured by
Intel and sold by Intel or its authorized distributors.  Please
refer to the applicable agreement for further details, at
https://fpgasoftware.intel.com/eula.



+----------------------------------------------------------------------------------+
; Analysis & Synthesis Summary                                                     ;
+------------------------------------+---------------------------------------------+
; Analysis & Synthesis Status        ; Failed - Wed Apr 10 13:17:21 2024           ;
; Quartus Prime Version              ; 20.1.1 Build 720 11/11/2020 SJ Lite Edition ;
; Revision Name                      ; nes_naked                                   ;
; Top-level Entity Name              ; nes_naked                                   ;
; Family                             ; MAX 10                                      ;
; Total logic elements               ; N/A until Partition Merge                   ;
;     Total combinational functions  ; N/A until Partition Merge                   ;
;     Dedicated logic registers      ; N/A until Partition Merge                   ;
; Total registers                    ; N/A until Partition Merge                   ;
; Total pins                         ; N/A until Partition Merge                   ;
; Total virtual pins                 ; N/A until Partition Merge                   ;
; Total memory bits                  ; N/A until Partition Merge                   ;
; Embedded Multiplier 9-bit elements ; N/A until Partition Merge                   ;
; Total PLLs                         ; N/A until Partition Merge                   ;
; UFM blocks                         ; N/A until Partition Merge                   ;
; ADC blocks                         ; N/A until Partition Merge                   ;
+------------------------------------+---------------------------------------------+


+------------------------------------------------------------------------------------------------------------+
; Analysis & Synthesis Settings                                                                              ;
+------------------------------------------------------------------+--------------------+--------------------+
; Option                                                           ; Setting            ; Default Value      ;
+------------------------------------------------------------------+--------------------+--------------------+
; Device                                                           ; 10M50DAF484C6GES   ;                    ;
; Top-level entity name                                            ; nes_naked          ; nes_naked          ;
; Family name                                                      ; MAX 10             ; Cyclone V          ;
; Use smart compilation                                            ; Off                ; Off                ;
; Enable parallel Assembler and Timing Analyzer during compilation ; On                 ; On                 ;
; Enable compact report table                                      ; Off                ; Off                ;
; Restructure Multiplexers                                         ; Auto               ; Auto               ;
; Create Debugging Nodes for IP Cores                              ; Off                ; Off                ;
; Preserve fewer node names                                        ; On                 ; On                 ;
; Intel FPGA IP Evaluation Mode                                    ; Enable             ; Enable             ;
; Verilog Version                                                  ; Verilog_2001       ; Verilog_2001       ;
; VHDL Version                                                     ; VHDL_1993          ; VHDL_1993          ;
; State Machine Processing                                         ; Auto               ; Auto               ;
; Safe State Machine                                               ; Off                ; Off                ;
; Extract Verilog State Machines                                   ; On                 ; On                 ;
; Extract VHDL State Machines                                      ; On                 ; On                 ;
; Ignore Verilog initial constructs                                ; Off                ; Off                ;
; Iteration limit for constant Verilog loops                       ; 5000               ; 5000               ;
; Iteration limit for non-constant Verilog loops                   ; 250                ; 250                ;
; Add Pass-Through Logic to Inferred RAMs                          ; On                 ; On                 ;
; Infer RAMs from Raw Logic                                        ; On                 ; On                 ;
; Parallel Synthesis                                               ; On                 ; On                 ;
; DSP Block Balancing                                              ; Auto               ; Auto               ;
; NOT Gate Push-Back                                               ; On                 ; On                 ;
; Power-Up Don't Care                                              ; On                 ; On                 ;
; Remove Redundant Logic Cells                                     ; Off                ; Off                ;
; Remove Duplicate Registers                                       ; On                 ; On                 ;
; Ignore CARRY Buffers                                             ; Off                ; Off                ;
; Ignore CASCADE Buffers                                           ; Off                ; Off                ;
; Ignore GLOBAL Buffers                                            ; Off                ; Off                ;
; Ignore ROW GLOBAL Buffers                                        ; Off                ; Off                ;
; Ignore LCELL Buffers                                             ; Off                ; Off                ;
; Ignore SOFT Buffers                                              ; On                 ; On                 ;
; Limit AHDL Integers to 32 Bits                                   ; Off                ; Off                ;
; Optimization Technique                                           ; Balanced           ; Balanced           ;
; Carry Chain Length                                               ; 70                 ; 70                 ;
; Auto Carry Chains                                                ; On                 ; On                 ;
; Auto Open-Drain Pins                                             ; On                 ; On                 ;
; Perform WYSIWYG Primitive Resynthesis                            ; Off                ; Off                ;
; Auto ROM Replacement                                             ; On                 ; On                 ;
; Auto RAM Replacement                                             ; On                 ; On                 ;
; Auto DSP Block Replacement                                       ; On                 ; On                 ;
; Auto Shift Register Replacement                                  ; Auto               ; Auto               ;
; Allow Shift Register Merging across Hierarchies                  ; Auto               ; Auto               ;
; Auto Clock Enable Replacement                                    ; On                 ; On                 ;
; Strict RAM Replacement                                           ; Off                ; Off                ;
; Allow Synchronous Control Signals                                ; On                 ; On                 ;
; Force Use of Synchronous Clear Signals                           ; Off                ; Off                ;
; Auto RAM Block Balancing                                         ; On                 ; On                 ;
; Auto RAM to Logic Cell Conversion                                ; Off                ; Off                ;
; Auto Resource Sharing                                            ; Off                ; Off                ;
; Allow Any RAM Size For Recognition                               ; Off                ; Off                ;
; Allow Any ROM Size For Recognition                               ; Off                ; Off                ;
; Allow Any Shift Register Size For Recognition                    ; Off                ; Off                ;
; Use LogicLock Constraints during Resource Balancing              ; On                 ; On                 ;
; Ignore translate_off and synthesis_off directives                ; Off                ; Off                ;
; Timing-Driven Synthesis                                          ; On                 ; On                 ;
; Report Parameter Settings                                        ; On                 ; On                 ;
; Report Source Assignments                                        ; On                 ; On                 ;
; Report Connectivity Checks                                       ; On                 ; On                 ;
; Ignore Maximum Fan-Out Assignments                               ; Off                ; Off                ;
; Synchronization Register Chain Length                            ; 2                  ; 2                  ;
; Power Optimization During Synthesis                              ; Normal compilation ; Normal compilation ;
; HDL message level                                                ; Level2             ; Level2             ;
; Suppress Register Optimization Related Messages                  ; Off                ; Off                ;
; Number of Removed Registers Reported in Synthesis Report         ; 5000               ; 5000               ;
; Number of Swept Nodes Reported in Synthesis Report               ; 5000               ; 5000               ;
; Number of Inverted Registers Reported in Synthesis Report        ; 100                ; 100                ;
; Clock MUX Protection                                             ; On                 ; On                 ;
; Auto Gated Clock Conversion                                      ; Off                ; Off                ;
; Block Design Naming                                              ; Auto               ; Auto               ;
; SDC constraint protection                                        ; Off                ; Off                ;
; Synthesis Effort                                                 ; Auto               ; Auto               ;
; Shift Register Replacement - Allow Asynchronous Clear Signal     ; On                 ; On                 ;
; Pre-Mapping Resynthesis Optimization                             ; Off                ; Off                ;
; Analysis & Synthesis Message Level                               ; Medium             ; Medium             ;
; Disable Register Merging Across Hierarchies                      ; Auto               ; Auto               ;
; Resource Aware Inference For Block RAM                           ; On                 ; On                 ;
+------------------------------------------------------------------+--------------------+--------------------+


+------------------------------------------+
; Parallel Compilation                     ;
+----------------------------+-------------+
; Processors                 ; Number      ;
+----------------------------+-------------+
; Number detected on machine ; 12          ;
; Maximum allowed            ; 8           ;
;                            ;             ;
; Average used               ; 1.00        ;
; Maximum used               ; 1           ;
;                            ;             ;
; Usage by Processor         ; % Time Used ;
;     Processor 1            ; 100.0%      ;
+----------------------------+-------------+


+-------------------------------+
; Analysis & Synthesis Messages ;
+-------------------------------+
Info: *******************************************************************
Info: Running Quartus Prime Analysis & Synthesis
    Info: Version 20.1.1 Build 720 11/11/2020 SJ Lite Edition
    Info: Processing started: Wed Apr 10 13:17:12 2024
Info: Command: quartus_map --read_settings_files=on --write_settings_files=off nes_naked -c nes_naked
Warning (18236): Number of processors has not been specified which may cause overloading on shared machines.  Set the global assignment NUM_PARALLEL_PROCESSORS in your QSF to an appropriate value for best performance.
Info (20030): Parallel compilation is enabled and will use 8 of the 8 processors detected
Error (10170): Verilog HDL syntax error at nes_naked.sv(32) near text: "(";  expecting ";". Check for and fix any syntax errors that appear immediately before or at the specified keyword. The Intel FPGA Knowledge Database contains many articles with specific details on how to resolve this error. Visit the Knowledge Database at https://www.altera.com/support/support-resources/knowledge-base/search.html and search for this specific error message number. File: C:/Users/steve/git_repos/school/cen3907/NES_fpga_development/hardware_development/naked_core/verilog_files/custom/nes_naked.sv Line: 32
Info (12021): Found 0 design units, including 0 entities, in source file verilog_files/custom/nes_naked.sv
Info (12021): Found 1 design units, including 1 entities, in source file verilog_files/custom/dma_controller.v
    Info (12023): Found entity 1: dma_controller File: C:/Users/steve/git_repos/school/cen3907/NES_fpga_development/hardware_development/naked_core/verilog_files/custom/dma_controller.v Line: 11
Info (12021): Found 2 design units, including 2 entities, in source file verilog_files/nes cpu/nes.v
    Info (12023): Found entity 1: DmaController File: C:/Users/steve/git_repos/school/cen3907/NES_fpga_development/hardware_development/naked_core/verilog_files/nes cpu/nes.v Line: 21
    Info (12023): Found entity 2: NES File: C:/Users/steve/git_repos/school/cen3907/NES_fpga_development/hardware_development/naked_core/verilog_files/nes cpu/nes.v Line: 72
Info (12021): Found 3 design units, including 3 entities, in source file verilog_files/nes cpu/iir_filter.v
    Info (12023): Found entity 1: IIR_filter File: C:/Users/steve/git_repos/school/cen3907/NES_fpga_development/hardware_development/naked_core/verilog_files/nes cpu/iir_filter.v Line: 22
    Info (12023): Found entity 2: iir_filter_tap File: C:/Users/steve/git_repos/school/cen3907/NES_fpga_development/hardware_development/naked_core/verilog_files/nes cpu/iir_filter.v Line: 148
    Info (12023): Found entity 3: DC_blocker File: C:/Users/steve/git_repos/school/cen3907/NES_fpga_development/hardware_development/naked_core/verilog_files/nes cpu/iir_filter.v Line: 189
Info (12021): Found 2 design units, including 0 entities, in source file verilog_files/nes cpu/t65/t65_pack.vhd
    Info (12022): Found design unit 1: T65_Pack File: C:/Users/steve/git_repos/school/cen3907/NES_fpga_development/hardware_development/naked_core/verilog_files/nes cpu/t65/T65_Pack.vhd Line: 55
    Info (12022): Found design unit 2: T65_Pack-body File: C:/Users/steve/git_repos/school/cen3907/NES_fpga_development/hardware_development/naked_core/verilog_files/nes cpu/t65/T65_Pack.vhd Line: 154
Info (12021): Found 2 design units, including 1 entities, in source file verilog_files/nes cpu/t65/t65_mcode.vhd
    Info (12022): Found design unit 1: T65_MCode-rtl File: C:/Users/steve/git_repos/school/cen3907/NES_fpga_development/hardware_development/naked_core/verilog_files/nes cpu/t65/T65_MCode.vhd Line: 95
    Info (12023): Found entity 1: T65_MCode File: C:/Users/steve/git_repos/school/cen3907/NES_fpga_development/hardware_development/naked_core/verilog_files/nes cpu/t65/T65_MCode.vhd Line: 58
Info (12021): Found 2 design units, including 1 entities, in source file verilog_files/nes cpu/t65/t65_alu.vhd
    Info (12022): Found design unit 1: T65_ALU-rtl File: C:/Users/steve/git_repos/school/cen3907/NES_fpga_development/hardware_development/naked_core/verilog_files/nes cpu/t65/T65_ALU.vhd Line: 70
    Info (12023): Found entity 1: T65_ALU File: C:/Users/steve/git_repos/school/cen3907/NES_fpga_development/hardware_development/naked_core/verilog_files/nes cpu/t65/T65_ALU.vhd Line: 57
Info (12021): Found 2 design units, including 1 entities, in source file verilog_files/nes cpu/t65/t65.vhd
    Info (12022): Found design unit 1: T65-rtl File: C:/Users/steve/git_repos/school/cen3907/NES_fpga_development/hardware_development/naked_core/verilog_files/nes cpu/t65/T65.vhd Line: 166
    Info (12023): Found entity 1: T65 File: C:/Users/steve/git_repos/school/cen3907/NES_fpga_development/hardware_development/naked_core/verilog_files/nes cpu/t65/T65.vhd Line: 134
Info (12021): Found 4 design units, including 2 entities, in source file verilog_files/nes cpu/sound/opll/vm2413/attacktable.vhd
    Info (12022): Found design unit 1: attack_table_mul-rtl File: C:/Users/steve/git_repos/school/cen3907/NES_fpga_development/hardware_development/naked_core/verilog_files/nes cpu/SOUND/OPLL/VM2413/attacktable.vhd Line: 50
    Info (12022): Found design unit 2: attacktable-rtl File: C:/Users/steve/git_repos/school/cen3907/NES_fpga_development/hardware_development/naked_core/verilog_files/nes cpu/SOUND/OPLL/VM2413/attacktable.vhd Line: 73
    Info (12023): Found entity 1: attack_table_mul File: C:/Users/steve/git_repos/school/cen3907/NES_fpga_development/hardware_development/naked_core/verilog_files/nes cpu/SOUND/OPLL/VM2413/attacktable.vhd Line: 42
    Info (12023): Found entity 2: AttackTable File: C:/Users/steve/git_repos/school/cen3907/NES_fpga_development/hardware_development/naked_core/verilog_files/nes cpu/SOUND/OPLL/VM2413/attacktable.vhd Line: 64
Info (12021): Found 2 design units, including 1 entities, in source file verilog_files/nes cpu/sound/opll/vm2413/controller.vhd
    Info (12022): Found design unit 1: controller-rtl File: C:/Users/steve/git_repos/school/cen3907/NES_fpga_development/hardware_development/naked_core/verilog_files/nes cpu/SOUND/OPLL/VM2413/controller.vhd Line: 106
    Info (12023): Found entity 1: controller File: C:/Users/steve/git_repos/school/cen3907/NES_fpga_development/hardware_development/naked_core/verilog_files/nes cpu/SOUND/OPLL/VM2413/controller.vhd Line: 70
Info (12021): Found 2 design units, including 1 entities, in source file verilog_files/nes cpu/sound/opll/vm2413/envelopegenerator.vhd
    Info (12022): Found design unit 1: envelopegenerator-rtl File: C:/Users/steve/git_repos/school/cen3907/NES_fpga_development/hardware_development/naked_core/verilog_files/nes cpu/SOUND/OPLL/VM2413/envelopegenerator.vhd Line: 65
    Info (12023): Found entity 1: envelopegenerator File: C:/Users/steve/git_repos/school/cen3907/NES_fpga_development/hardware_development/naked_core/verilog_files/nes cpu/SOUND/OPLL/VM2413/envelopegenerator.vhd Line: 42
Info (12021): Found 2 design units, including 1 entities, in source file verilog_files/nes cpu/sound/opll/vm2413/envelopememory.vhd
    Info (12022): Found design unit 1: EnvelopeMemory-RTL File: C:/Users/steve/git_repos/school/cen3907/NES_fpga_development/hardware_development/naked_core/verilog_files/nes cpu/SOUND/OPLL/VM2413/envelopememory.vhd Line: 48
    Info (12023): Found entity 1: EnvelopeMemory File: C:/Users/steve/git_repos/school/cen3907/NES_fpga_development/hardware_development/naked_core/verilog_files/nes cpu/SOUND/OPLL/VM2413/envelopememory.vhd Line: 36
Info (12021): Found 2 design units, including 1 entities, in source file verilog_files/nes cpu/sound/opll/vm2413/feedbackmemory.vhd
    Info (12022): Found design unit 1: FeedbackMemory-RTL File: C:/Users/steve/git_repos/school/cen3907/NES_fpga_development/hardware_development/naked_core/verilog_files/nes cpu/SOUND/OPLL/VM2413/feedbackmemory.vhd Line: 52
    Info (12023): Found entity 1: FeedbackMemory File: C:/Users/steve/git_repos/school/cen3907/NES_fpga_development/hardware_development/naked_core/verilog_files/nes cpu/SOUND/OPLL/VM2413/feedbackmemory.vhd Line: 41
Info (12021): Found 4 design units, including 2 entities, in source file verilog_files/nes cpu/sound/opll/vm2413/lineartable.vhd
    Info (12022): Found design unit 1: linear_table_mul-rtl File: C:/Users/steve/git_repos/school/cen3907/NES_fpga_development/hardware_development/naked_core/verilog_files/nes cpu/SOUND/OPLL/VM2413/lineartable.vhd Line: 49
    Info (12022): Found design unit 2: lineartable-rtl File: C:/Users/steve/git_repos/school/cen3907/NES_fpga_development/hardware_development/naked_core/verilog_files/nes cpu/SOUND/OPLL/VM2413/lineartable.vhd Line: 72
    Info (12023): Found entity 1: linear_table_mul File: C:/Users/steve/git_repos/school/cen3907/NES_fpga_development/hardware_development/naked_core/verilog_files/nes cpu/SOUND/OPLL/VM2413/lineartable.vhd Line: 41
    Info (12023): Found entity 2: LinearTable File: C:/Users/steve/git_repos/school/cen3907/NES_fpga_development/hardware_development/naked_core/verilog_files/nes cpu/SOUND/OPLL/VM2413/lineartable.vhd Line: 63
Info (12021): Found 2 design units, including 1 entities, in source file verilog_files/nes cpu/sound/opll/vm2413/operator.vhd
    Info (12022): Found design unit 1: Operator-rtl File: C:/Users/steve/git_repos/school/cen3907/NES_fpga_development/hardware_development/naked_core/verilog_files/nes cpu/SOUND/OPLL/VM2413/operator.vhd Line: 65
    Info (12023): Found entity 1: Operator File: C:/Users/steve/git_repos/school/cen3907/NES_fpga_development/hardware_development/naked_core/verilog_files/nes cpu/SOUND/OPLL/VM2413/operator.vhd Line: 41
Info (12021): Found 2 design units, including 1 entities, in source file verilog_files/nes cpu/sound/opll/vm2413/opll.vhd
    Info (12022): Found design unit 1: opll-rtl File: C:/Users/steve/git_repos/school/cen3907/NES_fpga_development/hardware_development/naked_core/verilog_files/nes cpu/SOUND/OPLL/VM2413/opll.vhd Line: 55
    Info (12023): Found entity 1: opll File: C:/Users/steve/git_repos/school/cen3907/NES_fpga_development/hardware_development/naked_core/verilog_files/nes cpu/SOUND/OPLL/VM2413/opll.vhd Line: 41
Info (12021): Found 2 design units, including 1 entities, in source file verilog_files/nes cpu/sound/opll/vm2413/outputgenerator.vhd
    Info (12022): Found design unit 1: OutputGenerator-RTL File: C:/Users/steve/git_repos/school/cen3907/NES_fpga_development/hardware_development/naked_core/verilog_files/nes cpu/SOUND/OPLL/VM2413/outputgenerator.vhd Line: 55
    Info (12023): Found entity 1: OutputGenerator File: C:/Users/steve/git_repos/school/cen3907/NES_fpga_development/hardware_development/naked_core/verilog_files/nes cpu/SOUND/OPLL/VM2413/outputgenerator.vhd Line: 36
Info (12021): Found 2 design units, including 1 entities, in source file verilog_files/nes cpu/sound/opll/vm2413/outputmemory.vhd
    Info (12022): Found design unit 1: OutputMemory-RTL File: C:/Users/steve/git_repos/school/cen3907/NES_fpga_development/hardware_development/naked_core/verilog_files/nes cpu/SOUND/OPLL/VM2413/outputmemory.vhd Line: 48
    Info (12023): Found entity 1: OutputMemory File: C:/Users/steve/git_repos/school/cen3907/NES_fpga_development/hardware_development/naked_core/verilog_files/nes cpu/SOUND/OPLL/VM2413/outputmemory.vhd Line: 36
Info (12021): Found 2 design units, including 1 entities, in source file verilog_files/nes cpu/sound/opll/vm2413/phasegenerator.vhd
    Info (12022): Found design unit 1: PhaseGenerator-RTL File: C:/Users/steve/git_repos/school/cen3907/NES_fpga_development/hardware_development/naked_core/verilog_files/nes cpu/SOUND/OPLL/VM2413/phasegenerator.vhd Line: 61
    Info (12023): Found entity 1: PhaseGenerator File: C:/Users/steve/git_repos/school/cen3907/NES_fpga_development/hardware_development/naked_core/verilog_files/nes cpu/SOUND/OPLL/VM2413/phasegenerator.vhd Line: 41
Info (12021): Found 2 design units, including 1 entities, in source file verilog_files/nes cpu/sound/opll/vm2413/phasememory.vhd
    Info (12022): Found design unit 1: PhaseMemory-RTL File: C:/Users/steve/git_repos/school/cen3907/NES_fpga_development/hardware_development/naked_core/verilog_files/nes cpu/SOUND/OPLL/VM2413/phasememory.vhd Line: 47
    Info (12023): Found entity 1: PhaseMemory File: C:/Users/steve/git_repos/school/cen3907/NES_fpga_development/hardware_development/naked_core/verilog_files/nes cpu/SOUND/OPLL/VM2413/phasememory.vhd Line: 36
Info (12021): Found 2 design units, including 1 entities, in source file verilog_files/nes cpu/sound/opll/vm2413/registermemory.vhd
    Info (12022): Found design unit 1: registermemory-rtl File: C:/Users/steve/git_repos/school/cen3907/NES_fpga_development/hardware_development/naked_core/verilog_files/nes cpu/SOUND/OPLL/VM2413/registermemory.vhd Line: 51
    Info (12023): Found entity 1: RegisterMemory File: C:/Users/steve/git_repos/school/cen3907/NES_fpga_development/hardware_development/naked_core/verilog_files/nes cpu/SOUND/OPLL/VM2413/registermemory.vhd Line: 40
Info (12021): Found 4 design units, including 2 entities, in source file verilog_files/nes cpu/sound/opll/vm2413/sinetable.vhd
    Info (12022): Found design unit 1: interpolate_mul-rtl File: C:/Users/steve/git_repos/school/cen3907/NES_fpga_development/hardware_development/naked_core/verilog_files/nes cpu/SOUND/OPLL/VM2413/sinetable.vhd Line: 49
    Info (12022): Found design unit 2: sinetable-rtl File: C:/Users/steve/git_repos/school/cen3907/NES_fpga_development/hardware_development/naked_core/verilog_files/nes cpu/SOUND/OPLL/VM2413/sinetable.vhd Line: 73
    Info (12023): Found entity 1: interpolate_mul File: C:/Users/steve/git_repos/school/cen3907/NES_fpga_development/hardware_development/naked_core/verilog_files/nes cpu/SOUND/OPLL/VM2413/sinetable.vhd Line: 41
    Info (12023): Found entity 2: SineTable File: C:/Users/steve/git_repos/school/cen3907/NES_fpga_development/hardware_development/naked_core/verilog_files/nes cpu/SOUND/OPLL/VM2413/sinetable.vhd Line: 63
Info (12021): Found 2 design units, including 1 entities, in source file verilog_files/nes cpu/sound/opll/vm2413/slotcounter.vhd
    Info (12022): Found design unit 1: SlotCounter-rtl File: C:/Users/steve/git_repos/school/cen3907/NES_fpga_development/hardware_development/naked_core/verilog_files/nes cpu/SOUND/OPLL/VM2413/slotcounter.vhd Line: 54
    Info (12023): Found entity 1: SlotCounter File: C:/Users/steve/git_repos/school/cen3907/NES_fpga_development/hardware_development/naked_core/verilog_files/nes cpu/SOUND/OPLL/VM2413/slotcounter.vhd Line: 40
Info (12021): Found 2 design units, including 1 entities, in source file verilog_files/nes cpu/sound/opll/vm2413/temporalmixer.vhd
    Info (12022): Found design unit 1: TemporalMixer-RTL File: C:/Users/steve/git_repos/school/cen3907/NES_fpga_development/hardware_development/naked_core/verilog_files/nes cpu/SOUND/OPLL/VM2413/temporalmixer.vhd Line: 55
    Info (12023): Found entity 1: TemporalMixer File: C:/Users/steve/git_repos/school/cen3907/NES_fpga_development/hardware_development/naked_core/verilog_files/nes cpu/SOUND/OPLL/VM2413/temporalmixer.vhd Line: 37
Info (12021): Found 2 design units, including 0 entities, in source file verilog_files/nes cpu/sound/opll/vm2413/vm2413.vhd
    Info (12022): Found design unit 1: VM2413 File: C:/Users/steve/git_repos/school/cen3907/NES_fpga_development/hardware_development/naked_core/verilog_files/nes cpu/SOUND/OPLL/VM2413/vm2413.vhd Line: 36
    Info (12022): Found design unit 2: VM2413-body File: C:/Users/steve/git_repos/school/cen3907/NES_fpga_development/hardware_development/naked_core/verilog_files/nes cpu/SOUND/OPLL/VM2413/vm2413.vhd Line: 152
Info (12021): Found 2 design units, including 1 entities, in source file verilog_files/nes cpu/sound/opll/vm2413/voicememory.vhd
    Info (12022): Found design unit 1: VoiceMemory-RTL File: C:/Users/steve/git_repos/school/cen3907/NES_fpga_development/hardware_development/naked_core/verilog_files/nes cpu/SOUND/OPLL/VM2413/voicememory.vhd Line: 50
    Info (12023): Found entity 1: VoiceMemory File: C:/Users/steve/git_repos/school/cen3907/NES_fpga_development/hardware_development/naked_core/verilog_files/nes cpu/SOUND/OPLL/VM2413/voicememory.vhd Line: 36
Info (12021): Found 2 design units, including 1 entities, in source file verilog_files/nes cpu/sound/opll/vm2413/voicerom.vhd
    Info (12022): Found design unit 1: VoiceRom-RTL File: C:/Users/steve/git_repos/school/cen3907/NES_fpga_development/hardware_development/naked_core/verilog_files/nes cpu/SOUND/OPLL/VM2413/voicerom.vhd Line: 44
    Info (12023): Found entity 1: VoiceRom File: C:/Users/steve/git_repos/school/cen3907/NES_fpga_development/hardware_development/naked_core/verilog_files/nes cpu/SOUND/OPLL/VM2413/voicerom.vhd Line: 36
Info (12021): Found 2 design units, including 1 entities, in source file verilog_files/nes cpu/sound/opll/eseopll.vhd
    Info (12022): Found design unit 1: eseopll-RTL File: C:/Users/steve/git_repos/school/cen3907/NES_fpga_development/hardware_development/naked_core/verilog_files/nes cpu/SOUND/OPLL/eseopll.vhd Line: 52
    Info (12023): Found entity 1: eseopll File: C:/Users/steve/git_repos/school/cen3907/NES_fpga_development/hardware_development/naked_core/verilog_files/nes cpu/SOUND/OPLL/eseopll.vhd Line: 37
Info (12021): Found 10 design units, including 10 entities, in source file verilog_files/nes cpu/mappers/vrc.sv
    Info (12023): Found entity 1: VRC1 File: C:/Users/steve/git_repos/school/cen3907/NES_fpga_development/hardware_development/naked_core/verilog_files/nes cpu/mappers/VRC.sv Line: 4
    Info (12023): Found entity 2: VRC3 File: C:/Users/steve/git_repos/school/cen3907/NES_fpga_development/hardware_development/naked_core/verilog_files/nes cpu/mappers/VRC.sv Line: 101
    Info (12023): Found entity 3: VRC24 File: C:/Users/steve/git_repos/school/cen3907/NES_fpga_development/hardware_development/naked_core/verilog_files/nes cpu/mappers/VRC.sv Line: 205
    Info (12023): Found entity 4: VRC6 File: C:/Users/steve/git_repos/school/cen3907/NES_fpga_development/hardware_development/naked_core/verilog_files/nes cpu/mappers/VRC.sv Line: 360
    Info (12023): Found entity 5: VRC7 File: C:/Users/steve/git_repos/school/cen3907/NES_fpga_development/hardware_development/naked_core/verilog_files/nes cpu/mappers/VRC.sv Line: 442
    Info (12023): Found entity 6: MAPVRC6 File: C:/Users/steve/git_repos/school/cen3907/NES_fpga_development/hardware_development/naked_core/verilog_files/nes cpu/mappers/VRC.sv Line: 567
    Info (12023): Found entity 7: vrcIRQ File: C:/Users/steve/git_repos/school/cen3907/NES_fpga_development/hardware_development/naked_core/verilog_files/nes cpu/mappers/VRC.sv Line: 703
    Info (12023): Found entity 8: vrc7_mixed File: C:/Users/steve/git_repos/school/cen3907/NES_fpga_development/hardware_development/naked_core/verilog_files/nes cpu/mappers/VRC.sv Line: 783
    Info (12023): Found entity 9: vrc6_mixed File: C:/Users/steve/git_repos/school/cen3907/NES_fpga_development/hardware_development/naked_core/verilog_files/nes cpu/mappers/VRC.sv Line: 836
    Info (12023): Found entity 10: vrc6sound File: C:/Users/steve/git_repos/school/cen3907/NES_fpga_development/hardware_development/naked_core/verilog_files/nes cpu/mappers/VRC.sv Line: 881
Info (12021): Found 5 design units, including 5 entities, in source file verilog_files/nes cpu/mappers/sunsoft.sv
    Info (12023): Found entity 1: Mapper69 File: C:/Users/steve/git_repos/school/cen3907/NES_fpga_development/hardware_development/naked_core/verilog_files/nes cpu/mappers/Sunsoft.sv Line: 2
    Info (12023): Found entity 2: SS5b_mixed File: C:/Users/steve/git_repos/school/cen3907/NES_fpga_development/hardware_development/naked_core/verilog_files/nes cpu/mappers/Sunsoft.sv Line: 137
    Info (12023): Found entity 3: SS5b_audio File: C:/Users/steve/git_repos/school/cen3907/NES_fpga_development/hardware_development/naked_core/verilog_files/nes cpu/mappers/Sunsoft.sv Line: 172
    Info (12023): Found entity 4: Mapper67 File: C:/Users/steve/git_repos/school/cen3907/NES_fpga_development/hardware_development/naked_core/verilog_files/nes cpu/mappers/Sunsoft.sv Line: 326
    Info (12023): Found entity 5: Mapper68 File: C:/Users/steve/git_repos/school/cen3907/NES_fpga_development/hardware_development/naked_core/verilog_files/nes cpu/mappers/Sunsoft.sv Line: 467
Info (12021): Found 3 design units, including 3 entities, in source file verilog_files/nes cpu/mappers/sachen.sv
    Info (12023): Found entity 1: Sachen8259 File: C:/Users/steve/git_repos/school/cen3907/NES_fpga_development/hardware_development/naked_core/verilog_files/nes cpu/mappers/Sachen.sv Line: 5
    Info (12023): Found entity 2: SachenJV001 File: C:/Users/steve/git_repos/school/cen3907/NES_fpga_development/hardware_development/naked_core/verilog_files/nes cpu/mappers/Sachen.sv Line: 147
    Info (12023): Found entity 3: SachenNROM File: C:/Users/steve/git_repos/school/cen3907/NES_fpga_development/hardware_development/naked_core/verilog_files/nes cpu/mappers/Sachen.sv Line: 264
Info (12021): Found 4 design units, including 4 entities, in source file verilog_files/nes cpu/mappers/namco.sv
    Info (12023): Found entity 1: N163 File: C:/Users/steve/git_repos/school/cen3907/NES_fpga_development/hardware_development/naked_core/verilog_files/nes cpu/mappers/Namco.sv Line: 3
    Info (12023): Found entity 2: MAPN163 File: C:/Users/steve/git_repos/school/cen3907/NES_fpga_development/hardware_development/naked_core/verilog_files/nes cpu/mappers/Namco.sv Line: 93
    Info (12023): Found entity 3: namco163_mixed File: C:/Users/steve/git_repos/school/cen3907/NES_fpga_development/hardware_development/naked_core/verilog_files/nes cpu/mappers/Namco.sv Line: 282
    Info (12023): Found entity 4: namco163_sound File: C:/Users/steve/git_repos/school/cen3907/NES_fpga_development/hardware_development/naked_core/verilog_files/nes cpu/mappers/Namco.sv Line: 319
Info (12021): Found 2 design units, including 2 entities, in source file verilog_files/nes cpu/mappers/mmc5.sv
    Info (12023): Found entity 1: MMC5 File: C:/Users/steve/git_repos/school/cen3907/NES_fpga_development/hardware_development/naked_core/verilog_files/nes cpu/mappers/MMC5.sv Line: 3
    Info (12023): Found entity 2: mmc5_mixed File: C:/Users/steve/git_repos/school/cen3907/NES_fpga_development/hardware_development/naked_core/verilog_files/nes cpu/mappers/MMC5.sv Line: 418
Info (12021): Found 4 design units, including 4 entities, in source file verilog_files/nes cpu/mappers/mmc3.sv
    Info (12023): Found entity 1: Rambo1 File: C:/Users/steve/git_repos/school/cen3907/NES_fpga_development/hardware_development/naked_core/verilog_files/nes cpu/mappers/MMC3.sv Line: 4
    Info (12023): Found entity 2: MMC3 File: C:/Users/steve/git_repos/school/cen3907/NES_fpga_development/hardware_development/naked_core/verilog_files/nes cpu/mappers/MMC3.sv Line: 205
    Info (12023): Found entity 3: Mapper165 File: C:/Users/steve/git_repos/school/cen3907/NES_fpga_development/hardware_development/naked_core/verilog_files/nes cpu/mappers/MMC3.sv Line: 560
    Info (12023): Found entity 4: Mapper413 File: C:/Users/steve/git_repos/school/cen3907/NES_fpga_development/hardware_development/naked_core/verilog_files/nes cpu/mappers/MMC3.sv Line: 732
Info (12021): Found 2 design units, including 2 entities, in source file verilog_files/nes cpu/mappers/mmc2.sv
    Info (12023): Found entity 1: MMC2 File: C:/Users/steve/git_repos/school/cen3907/NES_fpga_development/hardware_development/naked_core/verilog_files/nes cpu/mappers/MMC2.sv Line: 4
    Info (12023): Found entity 2: MMC4 File: C:/Users/steve/git_repos/school/cen3907/NES_fpga_development/hardware_development/naked_core/verilog_files/nes cpu/mappers/MMC2.sv Line: 165
Info (12021): Found 2 design units, including 2 entities, in source file verilog_files/nes cpu/mappers/mmc1.sv
    Info (12023): Found entity 1: MMC1 File: C:/Users/steve/git_repos/school/cen3907/NES_fpga_development/hardware_development/naked_core/verilog_files/nes cpu/mappers/MMC1.sv Line: 4
    Info (12023): Found entity 2: NesEvent File: C:/Users/steve/git_repos/school/cen3907/NES_fpga_development/hardware_development/naked_core/verilog_files/nes cpu/mappers/MMC1.sv Line: 182
Info (12021): Found 19 design units, including 19 entities, in source file verilog_files/nes cpu/mappers/misc.sv
    Info (12023): Found entity 1: Mapper15 File: C:/Users/steve/git_repos/school/cen3907/NES_fpga_development/hardware_development/naked_core/verilog_files/nes cpu/mappers/misc.sv Line: 4
    Info (12023): Found entity 2: Mapper16 File: C:/Users/steve/git_repos/school/cen3907/NES_fpga_development/hardware_development/naked_core/verilog_files/nes cpu/mappers/misc.sv Line: 106
    Info (12023): Found entity 3: Mapper18 File: C:/Users/steve/git_repos/school/cen3907/NES_fpga_development/hardware_development/naked_core/verilog_files/nes cpu/mappers/misc.sv Line: 311
    Info (12023): Found entity 4: Mapper32 File: C:/Users/steve/git_repos/school/cen3907/NES_fpga_development/hardware_development/naked_core/verilog_files/nes cpu/mappers/misc.sv Line: 503
    Info (12023): Found entity 5: Mapper42 File: C:/Users/steve/git_repos/school/cen3907/NES_fpga_development/hardware_development/naked_core/verilog_files/nes cpu/mappers/misc.sv Line: 626
    Info (12023): Found entity 6: Mapper65 File: C:/Users/steve/git_repos/school/cen3907/NES_fpga_development/hardware_development/naked_core/verilog_files/nes cpu/mappers/misc.sv Line: 732
    Info (12023): Found entity 7: Mapper41 File: C:/Users/steve/git_repos/school/cen3907/NES_fpga_development/hardware_development/naked_core/verilog_files/nes cpu/mappers/misc.sv Line: 872
    Info (12023): Found entity 8: Mapper218 File: C:/Users/steve/git_repos/school/cen3907/NES_fpga_development/hardware_development/naked_core/verilog_files/nes cpu/mappers/misc.sv Line: 944
    Info (12023): Found entity 9: Mapper228 File: C:/Users/steve/git_repos/school/cen3907/NES_fpga_development/hardware_development/naked_core/verilog_files/nes cpu/mappers/misc.sv Line: 996
    Info (12023): Found entity 10: Mapper234 File: C:/Users/steve/git_repos/school/cen3907/NES_fpga_development/hardware_development/naked_core/verilog_files/nes cpu/mappers/misc.sv Line: 1067
    Info (12023): Found entity 11: Mapper72 File: C:/Users/steve/git_repos/school/cen3907/NES_fpga_development/hardware_development/naked_core/verilog_files/nes cpu/mappers/misc.sv Line: 1146
    Info (12023): Found entity 12: Mapper162 File: C:/Users/steve/git_repos/school/cen3907/NES_fpga_development/hardware_development/naked_core/verilog_files/nes cpu/mappers/misc.sv Line: 1224
    Info (12023): Found entity 13: Mapper164 File: C:/Users/steve/git_repos/school/cen3907/NES_fpga_development/hardware_development/naked_core/verilog_files/nes cpu/mappers/misc.sv Line: 1306
    Info (12023): Found entity 14: Nanjing File: C:/Users/steve/git_repos/school/cen3907/NES_fpga_development/hardware_development/naked_core/verilog_files/nes cpu/mappers/misc.sv Line: 1376
    Info (12023): Found entity 15: Mapper225 File: C:/Users/steve/git_repos/school/cen3907/NES_fpga_development/hardware_development/naked_core/verilog_files/nes cpu/mappers/misc.sv Line: 1516
    Info (12023): Found entity 16: NSF File: C:/Users/steve/git_repos/school/cen3907/NES_fpga_development/hardware_development/naked_core/verilog_files/nes cpu/mappers/misc.sv Line: 1604
    Info (12023): Found entity 17: Mapper111 File: C:/Users/steve/git_repos/school/cen3907/NES_fpga_development/hardware_development/naked_core/verilog_files/nes cpu/mappers/misc.sv Line: 1762
    Info (12023): Found entity 18: Mapper83 File: C:/Users/steve/git_repos/school/cen3907/NES_fpga_development/hardware_development/naked_core/verilog_files/nes cpu/mappers/misc.sv Line: 1837
    Info (12023): Found entity 19: Mapper91 File: C:/Users/steve/git_repos/school/cen3907/NES_fpga_development/hardware_development/naked_core/verilog_files/nes cpu/mappers/misc.sv Line: 2046
Info (12021): Found 2 design units, including 2 entities, in source file verilog_files/nes cpu/mappers/jycompany.sv
    Info (12023): Found entity 1: multiplier File: C:/Users/steve/git_repos/school/cen3907/NES_fpga_development/hardware_development/naked_core/verilog_files/nes cpu/mappers/JYCompany.sv Line: 3
    Info (12023): Found entity 2: JYCompany File: C:/Users/steve/git_repos/school/cen3907/NES_fpga_development/hardware_development/naked_core/verilog_files/nes cpu/mappers/JYCompany.sv Line: 35
Info (12021): Found 12 design units, including 12 entities, in source file verilog_files/nes cpu/mappers/generic.sv
    Info (12023): Found entity 1: MMC0 File: C:/Users/steve/git_repos/school/cen3907/NES_fpga_development/hardware_development/naked_core/verilog_files/nes cpu/mappers/generic.sv Line: 4
    Info (12023): Found entity 2: Mapper13 File: C:/Users/steve/git_repos/school/cen3907/NES_fpga_development/hardware_development/naked_core/verilog_files/nes cpu/mappers/generic.sv Line: 57
    Info (12023): Found entity 3: Mapper30 File: C:/Users/steve/git_repos/school/cen3907/NES_fpga_development/hardware_development/naked_core/verilog_files/nes cpu/mappers/generic.sv Line: 119
    Info (12023): Found entity 4: Mapper66 File: C:/Users/steve/git_repos/school/cen3907/NES_fpga_development/hardware_development/naked_core/verilog_files/nes cpu/mappers/generic.sv Line: 210
    Info (12023): Found entity 5: Mapper34 File: C:/Users/steve/git_repos/school/cen3907/NES_fpga_development/hardware_development/naked_core/verilog_files/nes cpu/mappers/generic.sv Line: 312
    Info (12023): Found entity 6: Mapper71 File: C:/Users/steve/git_repos/school/cen3907/NES_fpga_development/hardware_development/naked_core/verilog_files/nes cpu/mappers/generic.sv Line: 394
    Info (12023): Found entity 7: Mapper77 File: C:/Users/steve/git_repos/school/cen3907/NES_fpga_development/hardware_development/naked_core/verilog_files/nes cpu/mappers/generic.sv Line: 476
    Info (12023): Found entity 8: Mapper78 File: C:/Users/steve/git_repos/school/cen3907/NES_fpga_development/hardware_development/naked_core/verilog_files/nes cpu/mappers/generic.sv Line: 549
    Info (12023): Found entity 9: Mapper79 File: C:/Users/steve/git_repos/school/cen3907/NES_fpga_development/hardware_development/naked_core/verilog_files/nes cpu/mappers/generic.sv Line: 637
    Info (12023): Found entity 10: Mapper89 File: C:/Users/steve/git_repos/school/cen3907/NES_fpga_development/hardware_development/naked_core/verilog_files/nes cpu/mappers/generic.sv Line: 715
    Info (12023): Found entity 11: Mapper107 File: C:/Users/steve/git_repos/school/cen3907/NES_fpga_development/hardware_development/naked_core/verilog_files/nes cpu/mappers/generic.sv Line: 821
    Info (12023): Found entity 12: Mapper28 File: C:/Users/steve/git_repos/school/cen3907/NES_fpga_development/hardware_development/naked_core/verilog_files/nes cpu/mappers/generic.sv Line: 889
Info (12021): Found 4 design units, including 4 entities, in source file verilog_files/nes cpu/mappers/fds.sv
    Info (12023): Found entity 1: MapperFDS File: C:/Users/steve/git_repos/school/cen3907/NES_fpga_development/hardware_development/naked_core/verilog_files/nes cpu/mappers/FDS.sv Line: 3
    Info (12023): Found entity 2: MAPFDS File: C:/Users/steve/git_repos/school/cen3907/NES_fpga_development/hardware_development/naked_core/verilog_files/nes cpu/mappers/FDS.sv Line: 93
    Info (12023): Found entity 3: fds_mixed File: C:/Users/steve/git_repos/school/cen3907/NES_fpga_development/hardware_development/naked_core/verilog_files/nes cpu/mappers/FDS.sv Line: 408
    Info (12023): Found entity 4: fds_audio File: C:/Users/steve/git_repos/school/cen3907/NES_fpga_development/hardware_development/naked_core/verilog_files/nes cpu/mappers/FDS.sv Line: 479
Info (12021): Found 1 design units, including 1 entities, in source file verilog_files/top_level.v
    Info (12023): Found entity 1: top_level File: C:/Users/steve/git_repos/school/cen3907/NES_fpga_development/hardware_development/naked_core/verilog_files/top_level.v Line: 17
Info (12021): Found 1 design units, including 1 entities, in source file verilog_files/nes cpu/zapper.sv
    Info (12023): Found entity 1: zapper File: C:/Users/steve/git_repos/school/cen3907/NES_fpga_development/hardware_development/naked_core/verilog_files/nes cpu/zapper.sv Line: 4
Info (12021): Found 1 design units, including 1 entities, in source file verilog_files/nes cpu/video.sv
    Info (12023): Found entity 1: video File: C:/Users/steve/git_repos/school/cen3907/NES_fpga_development/hardware_development/naked_core/verilog_files/nes cpu/video.sv Line: 4
Info (12021): Found 1 design units, including 1 entities, in source file verilog_files/nes cpu/sdram.sv
    Info (12023): Found entity 1: sdram File: C:/Users/steve/git_repos/school/cen3907/NES_fpga_development/hardware_development/naked_core/verilog_files/nes cpu/sdram.sv Line: 22
Info (12021): Found 11 design units, including 11 entities, in source file verilog_files/nes cpu/ppu.sv
    Info (12023): Found entity 1: LoopyGen File: C:/Users/steve/git_repos/school/cen3907/NES_fpga_development/hardware_development/naked_core/verilog_files/nes cpu/ppu.sv Line: 8
    Info (12023): Found entity 2: ClockGen File: C:/Users/steve/git_repos/school/cen3907/NES_fpga_development/hardware_development/naked_core/verilog_files/nes cpu/ppu.sv Line: 143
    Info (12023): Found entity 3: Sprite File: C:/Users/steve/git_repos/school/cen3907/NES_fpga_development/hardware_development/naked_core/verilog_files/nes cpu/ppu.sv Line: 239
    Info (12023): Found entity 4: SpriteSet File: C:/Users/steve/git_repos/school/cen3907/NES_fpga_development/hardware_development/naked_core/verilog_files/nes cpu/ppu.sv Line: 278
    Info (12023): Found entity 5: OAMEval File: C:/Users/steve/git_repos/school/cen3907/NES_fpga_development/hardware_development/naked_core/verilog_files/nes cpu/ppu.sv Line: 343
    Info (12023): Found entity 6: SpriteAddressGen File: C:/Users/steve/git_repos/school/cen3907/NES_fpga_development/hardware_development/naked_core/verilog_files/nes cpu/ppu.sv Line: 648
    Info (12023): Found entity 7: SpriteAddressGenEx File: C:/Users/steve/git_repos/school/cen3907/NES_fpga_development/hardware_development/naked_core/verilog_files/nes cpu/ppu.sv Line: 703
    Info (12023): Found entity 8: BgPainter File: C:/Users/steve/git_repos/school/cen3907/NES_fpga_development/hardware_development/naked_core/verilog_files/nes cpu/ppu.sv Line: 776
    Info (12023): Found entity 9: PixelMuxer File: C:/Users/steve/git_repos/school/cen3907/NES_fpga_development/hardware_development/naked_core/verilog_files/nes cpu/ppu.sv Line: 855
    Info (12023): Found entity 10: PaletteRam File: C:/Users/steve/git_repos/school/cen3907/NES_fpga_development/hardware_development/naked_core/verilog_files/nes cpu/ppu.sv Line: 872
    Info (12023): Found entity 11: PPU File: C:/Users/steve/git_repos/school/cen3907/NES_fpga_development/hardware_development/naked_core/verilog_files/nes cpu/ppu.sv Line: 918
Info (12021): Found 1 design units, including 1 entities, in source file verilog_files/nes cpu/pll.v
    Info (12023): Found entity 1: pll File: C:/Users/steve/git_repos/school/cen3907/NES_fpga_development/hardware_development/naked_core/verilog_files/nes cpu/pll.v Line: 8
Info (12021): Found 1 design units, including 1 entities, in source file verilog_files/nes cpu/pll/pll_0002.v
    Info (12023): Found entity 1: pll_0002 File: C:/Users/steve/git_repos/school/cen3907/NES_fpga_development/hardware_development/naked_core/verilog_files/nes cpu/pll/pll_0002.v Line: 2
Info (12021): Found 2 design units, including 2 entities, in source file verilog_files/nes cpu/miracle.sv
    Info (12023): Found entity 1: miraclepiano File: C:/Users/steve/git_repos/school/cen3907/NES_fpga_development/hardware_development/naked_core/verilog_files/nes cpu/miracle.sv Line: 7
    Info (12023): Found entity 2: midi_uart File: C:/Users/steve/git_repos/school/cen3907/NES_fpga_development/hardware_development/naked_core/verilog_files/nes cpu/miracle.sv Line: 178
Info (12021): Found 1 design units, including 1 entities, in source file verilog_files/nes cpu/eeprom_24c0x.sv
    Info (12023): Found entity 1: EEPROM_24C0x File: C:/Users/steve/git_repos/school/cen3907/NES_fpga_development/hardware_development/naked_core/verilog_files/nes cpu/EEPROM_24C0x.sv Line: 4
Info (12021): Found 3 design units, including 3 entities, in source file verilog_files/nes cpu/dsp.v
    Info (12023): Found entity 1: Mac File: C:/Users/steve/git_repos/school/cen3907/NES_fpga_development/hardware_development/naked_core/verilog_files/nes cpu/dsp.v Line: 4
    Info (12023): Found entity 2: Add24 File: C:/Users/steve/git_repos/school/cen3907/NES_fpga_development/hardware_development/naked_core/verilog_files/nes cpu/dsp.v Line: 66
    Info (12023): Found entity 3: FirFilter File: C:/Users/steve/git_repos/school/cen3907/NES_fpga_development/hardware_development/naked_core/verilog_files/nes cpu/dsp.v Line: 78
Info (12021): Found 6 design units, including 3 entities, in source file verilog_files/nes cpu/dpram.vhd
    Info (12022): Found design unit 1: spram-SYN File: C:/Users/steve/git_repos/school/cen3907/NES_fpga_development/hardware_development/naked_core/verilog_files/nes cpu/dpram.vhd Line: 31
    Info (12022): Found design unit 2: spram_sz-SYN File: C:/Users/steve/git_repos/school/cen3907/NES_fpga_development/hardware_development/naked_core/verilog_files/nes cpu/dpram.vhd Line: 69
    Info (12022): Found design unit 3: dpram-SYN File: C:/Users/steve/git_repos/school/cen3907/NES_fpga_development/hardware_development/naked_core/verilog_files/nes cpu/dpram.vhd Line: 137
    Info (12023): Found entity 1: spram File: C:/Users/steve/git_repos/school/cen3907/NES_fpga_development/hardware_development/naked_core/verilog_files/nes cpu/dpram.vhd Line: 11
    Info (12023): Found entity 2: spram_sz File: C:/Users/steve/git_repos/school/cen3907/NES_fpga_development/hardware_development/naked_core/verilog_files/nes cpu/dpram.vhd Line: 49
    Info (12023): Found entity 3: dpram File: C:/Users/steve/git_repos/school/cen3907/NES_fpga_development/hardware_development/naked_core/verilog_files/nes cpu/dpram.vhd Line: 110
Info (12021): Found 1 design units, including 1 entities, in source file verilog_files/nes cpu/ddram.sv
    Info (12023): Found entity 1: ddram File: C:/Users/steve/git_repos/school/cen3907/NES_fpga_development/hardware_development/naked_core/verilog_files/nes cpu/ddram.sv Line: 24
Info (12021): Found 5 design units, including 5 entities, in source file verilog_files/nes cpu/compat.v
    Info (12023): Found entity 1: MUXCY File: C:/Users/steve/git_repos/school/cen3907/NES_fpga_development/hardware_development/naked_core/verilog_files/nes cpu/compat.v Line: 3
    Info (12023): Found entity 2: MUXCY_L File: C:/Users/steve/git_repos/school/cen3907/NES_fpga_development/hardware_development/naked_core/verilog_files/nes cpu/compat.v Line: 6
    Info (12023): Found entity 3: MUXCY_D File: C:/Users/steve/git_repos/school/cen3907/NES_fpga_development/hardware_development/naked_core/verilog_files/nes cpu/compat.v Line: 9
    Info (12023): Found entity 4: XORCY File: C:/Users/steve/git_repos/school/cen3907/NES_fpga_development/hardware_development/naked_core/verilog_files/nes cpu/compat.v Line: 13
    Info (12023): Found entity 5: XOR2 File: C:/Users/steve/git_repos/school/cen3907/NES_fpga_development/hardware_development/naked_core/verilog_files/nes cpu/compat.v Line: 16
Info (12021): Found 1 design units, including 1 entities, in source file verilog_files/nes cpu/cheatcodes.sv
    Info (12023): Found entity 1: CODES File: C:/Users/steve/git_repos/school/cen3907/NES_fpga_development/hardware_development/naked_core/verilog_files/nes cpu/cheatcodes.sv Line: 10
Info (12021): Found 1 design units, including 1 entities, in source file verilog_files/nes cpu/cart.sv
    Info (12023): Found entity 1: cart_top File: C:/Users/steve/git_repos/school/cen3907/NES_fpga_development/hardware_development/naked_core/verilog_files/nes cpu/cart.sv Line: 18
Info (12021): Found 9 design units, including 9 entities, in source file verilog_files/nes cpu/apu.sv
    Info (12023): Found entity 1: LenCounterUnit File: C:/Users/steve/git_repos/school/cen3907/NES_fpga_development/hardware_development/naked_core/verilog_files/nes cpu/apu.sv Line: 4
    Info (12023): Found entity 2: EnvelopeUnit File: C:/Users/steve/git_repos/school/cen3907/NES_fpga_development/hardware_development/naked_core/verilog_files/nes cpu/apu.sv Line: 65
    Info (12023): Found entity 3: SquareChan File: C:/Users/steve/git_repos/school/cen3907/NES_fpga_development/hardware_development/naked_core/verilog_files/nes cpu/apu.sv Line: 117
    Info (12023): Found entity 4: TriangleChan File: C:/Users/steve/git_repos/school/cen3907/NES_fpga_development/hardware_development/naked_core/verilog_files/nes cpu/apu.sv Line: 266
    Info (12023): Found entity 5: NoiseChan File: C:/Users/steve/git_repos/school/cen3907/NES_fpga_development/hardware_development/naked_core/verilog_files/nes cpu/apu.sv Line: 375
    Info (12023): Found entity 6: DmcChan File: C:/Users/steve/git_repos/school/cen3907/NES_fpga_development/hardware_development/naked_core/verilog_files/nes cpu/apu.sv Line: 485
    Info (12023): Found entity 7: FrameCtr File: C:/Users/steve/git_repos/school/cen3907/NES_fpga_development/hardware_development/naked_core/verilog_files/nes cpu/apu.sv Line: 665
    Info (12023): Found entity 8: APU File: C:/Users/steve/git_repos/school/cen3907/NES_fpga_development/hardware_development/naked_core/verilog_files/nes cpu/apu.sv Line: 781
    Info (12023): Found entity 9: APUMixer File: C:/Users/steve/git_repos/school/cen3907/NES_fpga_development/hardware_development/naked_core/verilog_files/nes cpu/apu.sv Line: 1030
Warning (12019): Can't analyze file -- file verilog_files/dma_controller.v is missing
Info (144001): Generated suppressed messages file C:/Users/steve/git_repos/school/cen3907/NES_fpga_development/hardware_development/naked_core/output_files/nes_naked.map.smsg
Error: Quartus Prime Analysis & Synthesis was unsuccessful. 1 error, 2 warnings
    Error: Peak virtual memory: 4792 megabytes
    Error: Processing ended: Wed Apr 10 13:17:21 2024
    Error: Elapsed time: 00:00:09
    Error: Total CPU time (on all processors): 00:00:11


+------------------------------------------+
; Analysis & Synthesis Suppressed Messages ;
+------------------------------------------+
The suppressed messages can be found in C:/Users/steve/git_repos/school/cen3907/NES_fpga_development/hardware_development/naked_core/output_files/nes_naked.map.smsg.


